mode: set
k8s.io/kubernetes/pkg/kubelet/status/fake_status_manager.go:31.31,34.2 2 0
k8s.io/kubernetes/pkg/kubelet/status/fake_status_manager.go:36.72,39.2 2 0
k8s.io/kubernetes/pkg/kubelet/status/fake_status_manager.go:41.70,44.2 2 0
k8s.io/kubernetes/pkg/kubelet/status/fake_status_manager.go:46.114,49.2 2 0
k8s.io/kubernetes/pkg/kubelet/status/fake_status_manager.go:51.114,54.2 2 0
k8s.io/kubernetes/pkg/kubelet/status/fake_status_manager.go:56.49,59.2 2 0
k8s.io/kubernetes/pkg/kubelet/status/fake_status_manager.go:61.74,64.2 2 0
k8s.io/kubernetes/pkg/kubelet/status/fake_status_manager.go:66.115,69.2 2 0
k8s.io/kubernetes/pkg/kubelet/status/fake_status_manager.go:71.84,74.2 2 0
k8s.io/kubernetes/pkg/kubelet/status/fake_status_manager.go:76.59,78.48 2 0
k8s.io/kubernetes/pkg/kubelet/status/fake_status_manager.go:78.48,80.42 2 0
k8s.io/kubernetes/pkg/kubelet/status/fake_status_manager.go:80.42,82.4 1 0
k8s.io/kubernetes/pkg/kubelet/status/fake_status_manager.go:83.3,83.81 1 0
k8s.io/kubernetes/pkg/kubelet/status/fake_status_manager.go:85.2,85.12 1 0
k8s.io/kubernetes/pkg/kubelet/status/fake_status_manager.go:88.99,91.2 2 0
k8s.io/kubernetes/pkg/kubelet/status/fake_status_manager.go:94.31,98.2 1 0
k8s.io/kubernetes/pkg/kubelet/status/generate.go:47.135,49.30 1 1
k8s.io/kubernetes/pkg/kubelet/status/generate.go:49.30,55.3 1 1
k8s.io/kubernetes/pkg/kubelet/status/generate.go:56.2,59.48 3 1
k8s.io/kubernetes/pkg/kubelet/status/generate.go:59.48,60.56 1 1
k8s.io/kubernetes/pkg/kubelet/status/generate.go:60.56,61.12 1 0
k8s.io/kubernetes/pkg/kubelet/status/generate.go:64.3,64.95 1 1
k8s.io/kubernetes/pkg/kubelet/status/generate.go:64.95,65.30 1 1
k8s.io/kubernetes/pkg/kubelet/status/generate.go:65.30,67.5 1 1
k8s.io/kubernetes/pkg/kubelet/status/generate.go:68.9,70.4 1 1
k8s.io/kubernetes/pkg/kubelet/status/generate.go:73.2,73.44 1 1
k8s.io/kubernetes/pkg/kubelet/status/generate.go:73.44,74.95 1 1
k8s.io/kubernetes/pkg/kubelet/status/generate.go:74.95,75.30 1 1
k8s.io/kubernetes/pkg/kubelet/status/generate.go:75.30,77.5 1 1
k8s.io/kubernetes/pkg/kubelet/status/generate.go:78.9,80.4 1 1
k8s.io/kubernetes/pkg/kubelet/status/generate.go:84.2,84.64 1 1
k8s.io/kubernetes/pkg/kubelet/status/generate.go:84.64,86.3 1 1
k8s.io/kubernetes/pkg/kubelet/status/generate.go:89.2,89.30 1 1
k8s.io/kubernetes/pkg/kubelet/status/generate.go:89.30,91.3 1 0
k8s.io/kubernetes/pkg/kubelet/status/generate.go:94.2,95.32 2 1
k8s.io/kubernetes/pkg/kubelet/status/generate.go:95.32,97.3 1 1
k8s.io/kubernetes/pkg/kubelet/status/generate.go:98.2,98.32 1 1
k8s.io/kubernetes/pkg/kubelet/status/generate.go:98.32,100.3 1 1
k8s.io/kubernetes/pkg/kubelet/status/generate.go:101.2,102.26 2 1
k8s.io/kubernetes/pkg/kubelet/status/generate.go:102.26,109.3 1 1
k8s.io/kubernetes/pkg/kubelet/status/generate.go:111.2,114.3 1 1
k8s.io/kubernetes/pkg/kubelet/status/generate.go:120.158,123.48 2 1
k8s.io/kubernetes/pkg/kubelet/status/generate.go:123.48,130.3 1 1
k8s.io/kubernetes/pkg/kubelet/status/generate.go:134.2,135.41 2 1
k8s.io/kubernetes/pkg/kubelet/status/generate.go:135.41,137.15 2 1
k8s.io/kubernetes/pkg/kubelet/status/generate.go:137.15,139.4 1 1
k8s.io/kubernetes/pkg/kubelet/status/generate.go:139.9,139.42 1 1
k8s.io/kubernetes/pkg/kubelet/status/generate.go:139.42,141.4 1 1
k8s.io/kubernetes/pkg/kubelet/status/generate.go:145.2,145.31 1 1
k8s.io/kubernetes/pkg/kubelet/status/generate.go:145.31,153.3 2 1
k8s.io/kubernetes/pkg/kubelet/status/generate.go:155.2,158.3 1 1
k8s.io/kubernetes/pkg/kubelet/status/generate.go:161.104,162.57 1 1
k8s.io/kubernetes/pkg/kubelet/status/generate.go:162.57,163.66 1 1
k8s.io/kubernetes/pkg/kubelet/status/generate.go:163.66,165.4 1 1
k8s.io/kubernetes/pkg/kubelet/status/generate.go:166.8,167.29 1 1
k8s.io/kubernetes/pkg/kubelet/status/generate.go:167.29,169.4 1 1
k8s.io/kubernetes/pkg/kubelet/status/generate.go:171.2,171.13 1 1
k8s.io/kubernetes/pkg/kubelet/status/generate.go:176.134,178.62 1 1
k8s.io/kubernetes/pkg/kubelet/status/generate.go:178.62,184.3 1 1
k8s.io/kubernetes/pkg/kubelet/status/generate.go:186.2,188.48 3 1
k8s.io/kubernetes/pkg/kubelet/status/generate.go:188.48,190.10 2 1
k8s.io/kubernetes/pkg/kubelet/status/generate.go:190.10,192.12 2 1
k8s.io/kubernetes/pkg/kubelet/status/generate.go:194.3,194.64 1 1
k8s.io/kubernetes/pkg/kubelet/status/generate.go:194.64,196.4 1 1
k8s.io/kubernetes/pkg/kubelet/status/generate.go:200.2,200.64 1 1
k8s.io/kubernetes/pkg/kubelet/status/generate.go:200.64,206.3 1 1
k8s.io/kubernetes/pkg/kubelet/status/generate.go:212.2,212.74 1 1
k8s.io/kubernetes/pkg/kubelet/status/generate.go:212.74,217.3 1 1
k8s.io/kubernetes/pkg/kubelet/status/generate.go:219.2,220.32 2 1
k8s.io/kubernetes/pkg/kubelet/status/generate.go:220.32,222.3 1 1
k8s.io/kubernetes/pkg/kubelet/status/generate.go:223.2,223.35 1 1
k8s.io/kubernetes/pkg/kubelet/status/generate.go:223.35,225.3 1 1
k8s.io/kubernetes/pkg/kubelet/status/generate.go:226.2,227.26 2 1
k8s.io/kubernetes/pkg/kubelet/status/generate.go:227.26,234.3 1 1
k8s.io/kubernetes/pkg/kubelet/status/generate.go:236.2,239.3 1 1
k8s.io/kubernetes/pkg/kubelet/status/generate.go:242.114,248.23 2 1
k8s.io/kubernetes/pkg/kubelet/status/generate.go:248.23,253.3 1 1
k8s.io/kubernetes/pkg/kubelet/status/generate.go:254.2,257.3 1 1
k8s.io/kubernetes/pkg/kubelet/status/generate.go:260.93,266.30 2 1
k8s.io/kubernetes/pkg/kubelet/status/generate.go:266.30,268.3 1 1
k8s.io/kubernetes/pkg/kubelet/status/generate.go:268.8,268.40 1 1
k8s.io/kubernetes/pkg/kubelet/status/generate.go:268.40,270.3 1 1
k8s.io/kubernetes/pkg/kubelet/status/generate.go:272.2,272.18 1 1
k8s.io/kubernetes/pkg/kubelet/status/generate.go:275.86,281.30 2 1
k8s.io/kubernetes/pkg/kubelet/status/generate.go:281.30,283.3 1 1
k8s.io/kubernetes/pkg/kubelet/status/generate.go:283.8,283.40 1 0
k8s.io/kubernetes/pkg/kubelet/status/generate.go:283.40,285.3 1 0
k8s.io/kubernetes/pkg/kubelet/status/generate.go:287.2,287.18 1 1
k8s.io/kubernetes/pkg/kubelet/status/status_manager.go:162.206,173.2 1 1
k8s.io/kubernetes/pkg/kubelet/status/status_manager.go:179.70,181.38 2 1
k8s.io/kubernetes/pkg/kubelet/status/status_manager.go:181.38,183.95 1 1
k8s.io/kubernetes/pkg/kubelet/status/status_manager.go:183.95,185.94 2 1
k8s.io/kubernetes/pkg/kubelet/status/status_manager.go:185.94,187.5 1 1
k8s.io/kubernetes/pkg/kubelet/status/status_manager.go:190.2,191.56 2 1
k8s.io/kubernetes/pkg/kubelet/status/status_manager.go:194.27,199.80 2 0
k8s.io/kubernetes/pkg/kubelet/status/status_manager.go:199.80,201.17 2 0
k8s.io/kubernetes/pkg/kubelet/status/status_manager.go:201.17,204.14 2 0
k8s.io/kubernetes/pkg/kubelet/status/status_manager.go:206.3,206.22 1 0
k8s.io/kubernetes/pkg/kubelet/status/status_manager.go:212.2,212.25 1 0
k8s.io/kubernetes/pkg/kubelet/status/status_manager.go:212.25,215.3 2 0
k8s.io/kubernetes/pkg/kubelet/status/status_manager.go:217.2,223.25 3 0
k8s.io/kubernetes/pkg/kubelet/status/status_manager.go:223.25,224.7 1 0
k8s.io/kubernetes/pkg/kubelet/status/status_manager.go:224.7,225.11 1 0
k8s.io/kubernetes/pkg/kubelet/status/status_manager.go:226.30,228.23 2 0
k8s.io/kubernetes/pkg/kubelet/status/status_manager.go:229.22,231.22 2 0
k8s.io/kubernetes/pkg/kubelet/status/status_manager.go:239.111,243.2 3 0
k8s.io/kubernetes/pkg/kubelet/status/status_manager.go:247.80,251.2 3 0
k8s.io/kubernetes/pkg/kubelet/status/status_manager.go:254.55,257.48 3 0
k8s.io/kubernetes/pkg/kubelet/status/status_manager.go:257.48,259.42 2 0
k8s.io/kubernetes/pkg/kubelet/status/status_manager.go:259.42,261.4 1 0
k8s.io/kubernetes/pkg/kubelet/status/status_manager.go:262.3,262.104 1 0
k8s.io/kubernetes/pkg/kubelet/status/status_manager.go:262.104,264.4 1 0
k8s.io/kubernetes/pkg/kubelet/status/status_manager.go:266.2,266.12 1 0
k8s.io/kubernetes/pkg/kubelet/status/status_manager.go:270.95,274.2 3 0
k8s.io/kubernetes/pkg/kubelet/status/status_manager.go:276.68,281.2 4 1
k8s.io/kubernetes/pkg/kubelet/status/status_manager.go:283.66,294.2 4 1
k8s.io/kubernetes/pkg/kubelet/status/status_manager.go:296.110,301.9 4 1
k8s.io/kubernetes/pkg/kubelet/status/status_manager.go:301.9,304.3 2 0
k8s.io/kubernetes/pkg/kubelet/status/status_manager.go:306.2,307.12 2 1
k8s.io/kubernetes/pkg/kubelet/status/status_manager.go:307.12,312.3 2 1
k8s.io/kubernetes/pkg/kubelet/status/status_manager.go:315.2,316.9 2 1
k8s.io/kubernetes/pkg/kubelet/status/status_manager.go:316.9,321.3 2 1
k8s.io/kubernetes/pkg/kubelet/status/status_manager.go:323.2,323.36 1 1
k8s.io/kubernetes/pkg/kubelet/status/status_manager.go:323.36,329.3 2 1
k8s.io/kubernetes/pkg/kubelet/status/status_manager.go:332.2,337.92 4 1
k8s.io/kubernetes/pkg/kubelet/status/status_manager.go:337.92,339.47 2 1
k8s.io/kubernetes/pkg/kubelet/status/status_manager.go:339.47,340.39 1 1
k8s.io/kubernetes/pkg/kubelet/status/status_manager.go:340.39,342.10 2 1
k8s.io/kubernetes/pkg/kubelet/status/status_manager.go:345.3,345.27 1 1
k8s.io/kubernetes/pkg/kubelet/status/status_manager.go:345.27,347.4 1 1
k8s.io/kubernetes/pkg/kubelet/status/status_manager.go:347.9,350.4 2 1
k8s.io/kubernetes/pkg/kubelet/status/status_manager.go:352.2,355.51 4 1
k8s.io/kubernetes/pkg/kubelet/status/status_manager.go:358.110,363.9 4 1
k8s.io/kubernetes/pkg/kubelet/status/status_manager.go:363.9,366.3 2 0
k8s.io/kubernetes/pkg/kubelet/status/status_manager.go:368.2,369.12 2 1
k8s.io/kubernetes/pkg/kubelet/status/status_manager.go:369.12,374.3 2 1
k8s.io/kubernetes/pkg/kubelet/status/status_manager.go:377.2,378.9 2 1
k8s.io/kubernetes/pkg/kubelet/status/status_manager.go:378.9,383.3 2 1
k8s.io/kubernetes/pkg/kubelet/status/status_manager.go:385.2,385.75 1 1
k8s.io/kubernetes/pkg/kubelet/status/status_manager.go:385.75,390.3 2 0
k8s.io/kubernetes/pkg/kubelet/status/status_manager.go:393.2,397.51 4 1
k8s.io/kubernetes/pkg/kubelet/status/status_manager.go:400.126,402.45 1 1
k8s.io/kubernetes/pkg/kubelet/status/status_manager.go:402.45,403.35 1 1
k8s.io/kubernetes/pkg/kubelet/status/status_manager.go:403.35,405.4 1 1
k8s.io/kubernetes/pkg/kubelet/status/status_manager.go:408.2,408.49 1 1
k8s.io/kubernetes/pkg/kubelet/status/status_manager.go:408.49,409.35 1 0
k8s.io/kubernetes/pkg/kubelet/status/status_manager.go:409.35,411.4 1 0
k8s.io/kubernetes/pkg/kubelet/status/status_manager.go:414.2,414.26 1 1
k8s.io/kubernetes/pkg/kubelet/status/status_manager.go:428.45,436.14 5 1
k8s.io/kubernetes/pkg/kubelet/status/status_manager.go:436.14,438.3 1 1
k8s.io/kubernetes/pkg/kubelet/status/status_manager.go:439.2,442.28 2 1
k8s.io/kubernetes/pkg/kubelet/status/status_manager.go:442.28,443.43 1 1
k8s.io/kubernetes/pkg/kubelet/status/status_manager.go:443.43,444.59 1 1
k8s.io/kubernetes/pkg/kubelet/status/status_manager.go:444.59,445.13 1 1
k8s.io/kubernetes/pkg/kubelet/status/status_manager.go:447.4,453.5 1 1
k8s.io/kubernetes/pkg/kubelet/status/status_manager.go:459.2,459.69 1 1
k8s.io/kubernetes/pkg/kubelet/status/status_manager.go:459.69,460.62 1 1
k8s.io/kubernetes/pkg/kubelet/status/status_manager.go:460.62,461.12 1 1
k8s.io/kubernetes/pkg/kubelet/status/status_manager.go:463.3,469.4 1 1
k8s.io/kubernetes/pkg/kubelet/status/status_manager.go:474.2,474.33 1 1
k8s.io/kubernetes/pkg/kubelet/status/status_manager.go:474.33,475.23 1 1
k8s.io/kubernetes/pkg/kubelet/status/status_manager.go:476.38,476.38 0 1
k8s.io/kubernetes/pkg/kubelet/status/status_manager.go:478.37,479.49 1 1
k8s.io/kubernetes/pkg/kubelet/status/status_manager.go:479.49,481.5 1 1
k8s.io/kubernetes/pkg/kubelet/status/status_manager.go:482.4,483.31 2 1
k8s.io/kubernetes/pkg/kubelet/status/status_manager.go:484.11,486.31 2 1
k8s.io/kubernetes/pkg/kubelet/status/status_manager.go:490.2,491.49 2 1
k8s.io/kubernetes/pkg/kubelet/status/status_manager.go:496.42,498.39 1 1
k8s.io/kubernetes/pkg/kubelet/status/status_manager.go:498.39,500.3 1 1
k8s.io/kubernetes/pkg/kubelet/status/status_manager.go:502.2,502.54 1 1
k8s.io/kubernetes/pkg/kubelet/status/status_manager.go:502.54,503.83 1 1
k8s.io/kubernetes/pkg/kubelet/status/status_manager.go:503.83,505.4 1 1
k8s.io/kubernetes/pkg/kubelet/status/status_manager.go:508.2,508.55 1 1
k8s.io/kubernetes/pkg/kubelet/status/status_manager.go:508.55,510.10 2 1
k8s.io/kubernetes/pkg/kubelet/status/status_manager.go:510.10,513.4 2 0
k8s.io/kubernetes/pkg/kubelet/status/status_manager.go:515.3,516.55 2 1
k8s.io/kubernetes/pkg/kubelet/status/status_manager.go:516.55,518.64 1 0
k8s.io/kubernetes/pkg/kubelet/status/status_manager.go:518.64,520.5 1 0
k8s.io/kubernetes/pkg/kubelet/status/status_manager.go:521.9,522.112 1 1
k8s.io/kubernetes/pkg/kubelet/status/status_manager.go:522.112,524.5 1 1
k8s.io/kubernetes/pkg/kubelet/status/status_manager.go:525.4,525.97 1 1
k8s.io/kubernetes/pkg/kubelet/status/status_manager.go:525.97,527.5 1 1
k8s.io/kubernetes/pkg/kubelet/status/status_manager.go:531.2,531.14 1 1
k8s.io/kubernetes/pkg/kubelet/status/status_manager.go:537.82,538.44 1 1
k8s.io/kubernetes/pkg/kubelet/status/status_manager.go:538.44,539.97 1 1
k8s.io/kubernetes/pkg/kubelet/status/status_manager.go:539.97,541.4 1 1
k8s.io/kubernetes/pkg/kubelet/status/status_manager.go:544.2,544.25 1 1
k8s.io/kubernetes/pkg/kubelet/status/status_manager.go:544.25,546.3 1 1
k8s.io/kubernetes/pkg/kubelet/status/status_manager.go:547.2,547.12 1 1
k8s.io/kubernetes/pkg/kubelet/status/status_manager.go:553.103,555.53 1 1
k8s.io/kubernetes/pkg/kubelet/status/status_manager.go:555.53,557.3 1 0
k8s.io/kubernetes/pkg/kubelet/status/status_manager.go:558.2,558.58 1 1
k8s.io/kubernetes/pkg/kubelet/status/status_manager.go:558.58,560.40 1 1
k8s.io/kubernetes/pkg/kubelet/status/status_manager.go:560.40,561.12 1 1
k8s.io/kubernetes/pkg/kubelet/status/status_manager.go:564.3,564.101 1 1
k8s.io/kubernetes/pkg/kubelet/status/status_manager.go:564.101,565.12 1 0
k8s.io/kubernetes/pkg/kubelet/status/status_manager.go:567.3,567.59 1 1
k8s.io/kubernetes/pkg/kubelet/status/status_manager.go:567.59,568.77 1 1
k8s.io/kubernetes/pkg/kubelet/status/status_manager.go:568.77,570.5 1 0
k8s.io/kubernetes/pkg/kubelet/status/status_manager.go:574.2,574.62 1 1
k8s.io/kubernetes/pkg/kubelet/status/status_manager.go:574.62,576.10 2 1
k8s.io/kubernetes/pkg/kubelet/status/status_manager.go:576.10,578.4 1 0
k8s.io/kubernetes/pkg/kubelet/status/status_manager.go:580.3,580.59 1 1
k8s.io/kubernetes/pkg/kubelet/status/status_manager.go:580.59,581.12 1 0
k8s.io/kubernetes/pkg/kubelet/status/status_manager.go:584.3,584.40 1 1
k8s.io/kubernetes/pkg/kubelet/status/status_manager.go:584.40,585.12 1 1
k8s.io/kubernetes/pkg/kubelet/status/status_manager.go:588.3,588.101 1 1
k8s.io/kubernetes/pkg/kubelet/status/status_manager.go:588.101,589.12 1 0
k8s.io/kubernetes/pkg/kubelet/status/status_manager.go:591.3,591.63 1 1
k8s.io/kubernetes/pkg/kubelet/status/status_manager.go:591.63,592.77 1 1
k8s.io/kubernetes/pkg/kubelet/status/status_manager.go:592.77,594.5 1 0
k8s.io/kubernetes/pkg/kubelet/status/status_manager.go:597.2,597.12 1 1
k8s.io/kubernetes/pkg/kubelet/status/status_manager.go:603.107,606.14 3 1
k8s.io/kubernetes/pkg/kubelet/status/status_manager.go:606.14,609.34 2 1
k8s.io/kubernetes/pkg/kubelet/status/status_manager.go:609.34,610.52 1 1
k8s.io/kubernetes/pkg/kubelet/status/status_manager.go:610.52,613.5 2 0
k8s.io/kubernetes/pkg/kubelet/status/status_manager.go:615.8,615.69 1 1
k8s.io/kubernetes/pkg/kubelet/status/status_manager.go:615.69,617.3 1 1
k8s.io/kubernetes/pkg/kubelet/status/status_manager.go:617.8,619.3 1 1
k8s.io/kubernetes/pkg/kubelet/status/status_manager.go:622.2,622.86 1 1
k8s.io/kubernetes/pkg/kubelet/status/status_manager.go:622.86,625.3 2 0
k8s.io/kubernetes/pkg/kubelet/status/status_manager.go:628.2,642.78 6 1
k8s.io/kubernetes/pkg/kubelet/status/status_manager.go:642.78,645.3 1 1
k8s.io/kubernetes/pkg/kubelet/status/status_manager.go:648.2,648.65 1 1
k8s.io/kubernetes/pkg/kubelet/status/status_manager.go:648.65,650.3 1 1
k8s.io/kubernetes/pkg/kubelet/status/status_manager.go:650.8,650.38 1 1
k8s.io/kubernetes/pkg/kubelet/status/status_manager.go:650.38,654.3 2 1
k8s.io/kubernetes/pkg/kubelet/status/status_manager.go:656.2,660.41 2 1
k8s.io/kubernetes/pkg/kubelet/status/status_manager.go:660.41,662.125 2 0
k8s.io/kubernetes/pkg/kubelet/status/status_manager.go:662.125,664.11 2 0
k8s.io/kubernetes/pkg/kubelet/status/status_manager.go:665.32,666.24 1 0
k8s.io/kubernetes/pkg/kubelet/status/status_manager.go:667.32,668.24 1 0
k8s.io/kubernetes/pkg/kubelet/status/status_manager.go:669.35,670.72 1 0
k8s.io/kubernetes/pkg/kubelet/status/status_manager.go:671.12,672.24 1 0
k8s.io/kubernetes/pkg/kubelet/status/status_manager.go:674.4,674.11 1 0
k8s.io/kubernetes/pkg/kubelet/status/status_manager.go:675.47,676.25 1 0
k8s.io/kubernetes/pkg/kubelet/status/status_manager.go:677.47,678.25 1 0
k8s.io/kubernetes/pkg/kubelet/status/status_manager.go:679.50,680.88 1 0
k8s.io/kubernetes/pkg/kubelet/status/status_manager.go:681.12,682.24 1 0
k8s.io/kubernetes/pkg/kubelet/status/status_manager.go:684.4,684.104 1 0
k8s.io/kubernetes/pkg/kubelet/status/status_manager.go:686.3,687.192 2 0
k8s.io/kubernetes/pkg/kubelet/status/status_manager.go:692.2,692.90 1 1
k8s.io/kubernetes/pkg/kubelet/status/status_manager.go:692.90,695.3 2 1
k8s.io/kubernetes/pkg/kubelet/status/status_manager.go:697.2,708.30 2 1
k8s.io/kubernetes/pkg/kubelet/status/status_manager.go:708.30,710.3 1 1
k8s.io/kubernetes/pkg/kubelet/status/status_manager.go:710.8,712.3 1 1
k8s.io/kubernetes/pkg/kubelet/status/status_manager.go:714.2,716.9 2 1
k8s.io/kubernetes/pkg/kubelet/status/status_manager.go:717.40,717.40 0 1
k8s.io/kubernetes/pkg/kubelet/status/status_manager.go:718.10,718.10 0 1
k8s.io/kubernetes/pkg/kubelet/status/status_manager.go:724.99,726.22 2 1
k8s.io/kubernetes/pkg/kubelet/status/status_manager.go:726.22,728.3 1 1
k8s.io/kubernetes/pkg/kubelet/status/status_manager.go:730.2,732.68 3 1
k8s.io/kubernetes/pkg/kubelet/status/status_manager.go:732.68,734.3 1 1
k8s.io/kubernetes/pkg/kubelet/status/status_manager.go:735.2,735.51 1 1
k8s.io/kubernetes/pkg/kubelet/status/status_manager.go:739.50,744.80 5 1
k8s.io/kubernetes/pkg/kubelet/status/status_manager.go:744.80,746.3 1 0
k8s.io/kubernetes/pkg/kubelet/status/status_manager.go:750.70,753.33 3 0
k8s.io/kubernetes/pkg/kubelet/status/status_manager.go:753.33,754.33 1 0
k8s.io/kubernetes/pkg/kubelet/status/status_manager.go:754.33,757.82 3 0
k8s.io/kubernetes/pkg/kubelet/status/status_manager.go:757.82,759.5 1 0
k8s.io/kubernetes/pkg/kubelet/status/status_manager.go:766.43,775.9 4 1
k8s.io/kubernetes/pkg/kubelet/status/status_manager.go:775.9,780.10 3 1
k8s.io/kubernetes/pkg/kubelet/status/status_manager.go:780.10,781.41 1 1
k8s.io/kubernetes/pkg/kubelet/status/status_manager.go:781.41,784.30 3 1
k8s.io/kubernetes/pkg/kubelet/status/status_manager.go:784.30,786.6 1 1
k8s.io/kubernetes/pkg/kubelet/status/status_manager.go:791.3,791.42 1 1
k8s.io/kubernetes/pkg/kubelet/status/status_manager.go:791.42,796.71 2 1
k8s.io/kubernetes/pkg/kubelet/status/status_manager.go:796.71,797.24 1 1
k8s.io/kubernetes/pkg/kubelet/status/status_manager.go:797.24,801.14 2 1
k8s.io/kubernetes/pkg/kubelet/status/status_manager.go:803.5,803.28 1 1
k8s.io/kubernetes/pkg/kubelet/status/status_manager.go:808.4,808.12 1 1
k8s.io/kubernetes/pkg/kubelet/status/status_manager.go:808.12,809.59 1 1
k8s.io/kubernetes/pkg/kubelet/status/status_manager.go:809.59,810.14 1 1
k8s.io/kubernetes/pkg/kubelet/status/status_manager.go:812.5,813.13 2 1
k8s.io/kubernetes/pkg/kubelet/status/status_manager.go:819.4,819.53 1 1
k8s.io/kubernetes/pkg/kubelet/status/status_manager.go:819.53,821.5 1 1
k8s.io/kubernetes/pkg/kubelet/status/status_manager.go:821.10,821.51 1 1
k8s.io/kubernetes/pkg/kubelet/status/status_manager.go:821.51,828.5 2 0
k8s.io/kubernetes/pkg/kubelet/status/status_manager.go:832.2,832.41 1 1
k8s.io/kubernetes/pkg/kubelet/status/status_manager.go:832.41,835.3 2 1
k8s.io/kubernetes/pkg/kubelet/status/status_manager.go:837.2,837.29 1 1
k8s.io/kubernetes/pkg/kubelet/status/status_manager.go:841.69,844.28 2 1
k8s.io/kubernetes/pkg/kubelet/status/status_manager.go:844.28,851.3 2 1
k8s.io/kubernetes/pkg/kubelet/status/status_manager.go:852.2,852.16 1 1
k8s.io/kubernetes/pkg/kubelet/status/status_manager.go:852.16,858.3 2 1
k8s.io/kubernetes/pkg/kubelet/status/status_manager.go:860.2,862.78 2 1
k8s.io/kubernetes/pkg/kubelet/status/status_manager.go:862.78,869.3 3 1
k8s.io/kubernetes/pkg/kubelet/status/status_manager.go:871.2,876.16 4 1
k8s.io/kubernetes/pkg/kubelet/status/status_manager.go:876.16,879.3 2 0
k8s.io/kubernetes/pkg/kubelet/status/status_manager.go:880.2,880.15 1 1
k8s.io/kubernetes/pkg/kubelet/status/status_manager.go:880.15,882.3 1 1
k8s.io/kubernetes/pkg/kubelet/status/status_manager.go:882.8,887.3 3 1
k8s.io/kubernetes/pkg/kubelet/status/status_manager.go:890.2,890.24 1 1
k8s.io/kubernetes/pkg/kubelet/status/status_manager.go:890.24,892.3 1 0
k8s.io/kubernetes/pkg/kubelet/status/status_manager.go:892.8,895.3 2 1
k8s.io/kubernetes/pkg/kubelet/status/status_manager.go:897.2,900.62 2 1
k8s.io/kubernetes/pkg/kubelet/status/status_manager.go:900.62,908.17 3 1
k8s.io/kubernetes/pkg/kubelet/status/status_manager.go:908.17,911.4 2 0
k8s.io/kubernetes/pkg/kubelet/status/status_manager.go:912.3,913.25 2 1
k8s.io/kubernetes/pkg/kubelet/status/status_manager.go:919.78,921.36 2 1
k8s.io/kubernetes/pkg/kubelet/status/status_manager.go:921.36,923.3 1 1
k8s.io/kubernetes/pkg/kubelet/status/status_manager.go:924.2,925.9 2 1
k8s.io/kubernetes/pkg/kubelet/status/status_manager.go:925.9,927.3 1 1
k8s.io/kubernetes/pkg/kubelet/status/status_manager.go:928.2,928.65 1 1
k8s.io/kubernetes/pkg/kubelet/status/status_manager.go:931.91,932.64 1 1
k8s.io/kubernetes/pkg/kubelet/status/status_manager.go:932.64,934.3 1 1
k8s.io/kubernetes/pkg/kubelet/status/status_manager.go:937.2,937.51 1 1
k8s.io/kubernetes/pkg/kubelet/status/status_manager.go:937.51,941.3 2 0
k8s.io/kubernetes/pkg/kubelet/status/status_manager.go:943.2,943.19 1 1
k8s.io/kubernetes/pkg/kubelet/status/status_manager.go:943.19,946.3 2 1
k8s.io/kubernetes/pkg/kubelet/status/status_manager.go:947.2,947.14 1 1
k8s.io/kubernetes/pkg/kubelet/status/status_manager.go:959.75,962.9 2 1
k8s.io/kubernetes/pkg/kubelet/status/status_manager.go:962.9,965.3 2 0
k8s.io/kubernetes/pkg/kubelet/status/status_manager.go:967.2,967.32 1 1
k8s.io/kubernetes/pkg/kubelet/status/status_manager.go:967.32,969.10 2 1
k8s.io/kubernetes/pkg/kubelet/status/status_manager.go:969.10,972.4 2 0
k8s.io/kubernetes/pkg/kubelet/status/status_manager.go:973.3,973.18 1 1
k8s.io/kubernetes/pkg/kubelet/status/status_manager.go:976.2,979.51 3 1
k8s.io/kubernetes/pkg/kubelet/status/status_manager.go:979.51,983.3 1 1
k8s.io/kubernetes/pkg/kubelet/status/status_manager.go:984.2,988.13 2 1
k8s.io/kubernetes/pkg/kubelet/status/status_manager.go:996.71,998.91 2 1
k8s.io/kubernetes/pkg/kubelet/status/status_manager.go:998.91,1000.3 1 1
k8s.io/kubernetes/pkg/kubelet/status/status_manager.go:1001.2,1001.45 1 1
k8s.io/kubernetes/pkg/kubelet/status/status_manager.go:1001.45,1003.3 1 1
k8s.io/kubernetes/pkg/kubelet/status/status_manager.go:1004.2,1004.56 1 1
k8s.io/kubernetes/pkg/kubelet/status/status_manager.go:1004.56,1005.23 1 1
k8s.io/kubernetes/pkg/kubelet/status/status_manager.go:1005.23,1007.4 1 1
k8s.io/kubernetes/pkg/kubelet/status/status_manager.go:1008.3,1008.26 1 1
k8s.io/kubernetes/pkg/kubelet/status/status_manager.go:1008.26,1011.50 3 1
k8s.io/kubernetes/pkg/kubelet/status/status_manager.go:1011.50,1013.5 1 0
k8s.io/kubernetes/pkg/kubelet/status/status_manager.go:1017.2,1017.29 1 1
k8s.io/kubernetes/pkg/kubelet/status/status_manager.go:1017.29,1019.3 1 1
k8s.io/kubernetes/pkg/kubelet/status/status_manager.go:1020.2,1020.35 1 1
k8s.io/kubernetes/pkg/kubelet/status/status_manager.go:1020.35,1024.3 3 1
k8s.io/kubernetes/pkg/kubelet/status/status_manager.go:1027.2,1027.42 1 1
k8s.io/kubernetes/pkg/kubelet/status/status_manager.go:1027.42,1031.3 3 1
k8s.io/kubernetes/pkg/kubelet/status/status_manager.go:1033.2,1036.46 2 1
k8s.io/kubernetes/pkg/kubelet/status/status_manager.go:1036.46,1040.3 3 1
k8s.io/kubernetes/pkg/kubelet/status/status_manager.go:1042.2,1043.15 2 1
k8s.io/kubernetes/pkg/kubelet/status/status_manager.go:1049.108,1052.44 2 1
k8s.io/kubernetes/pkg/kubelet/status/status_manager.go:1052.44,1053.47 1 1
k8s.io/kubernetes/pkg/kubelet/status/status_manager.go:1053.47,1055.4 1 1
k8s.io/kubernetes/pkg/kubelet/status/status_manager.go:1058.2,1060.44 2 1
k8s.io/kubernetes/pkg/kubelet/status/status_manager.go:1060.44,1061.46 1 1
k8s.io/kubernetes/pkg/kubelet/status/status_manager.go:1061.46,1063.4 1 1
k8s.io/kubernetes/pkg/kubelet/status/status_manager.go:1063.9,1063.59 1 1
k8s.io/kubernetes/pkg/kubelet/status/status_manager.go:1063.59,1065.37 1 1
k8s.io/kubernetes/pkg/kubelet/status/status_manager.go:1065.37,1070.68 1 1
k8s.io/kubernetes/pkg/kubelet/status/status_manager.go:1070.68,1075.92 2 1
k8s.io/kubernetes/pkg/kubelet/status/status_manager.go:1075.92,1078.7 1 1
k8s.io/kubernetes/pkg/kubelet/status/status_manager.go:1083.2,1097.34 3 1
k8s.io/kubernetes/pkg/kubelet/status/status_manager.go:1097.34,1098.33 1 1
k8s.io/kubernetes/pkg/kubelet/status/status_manager.go:1098.33,1102.4 3 1
k8s.io/kubernetes/pkg/kubelet/status/status_manager.go:1109.2,1109.52 1 1
k8s.io/kubernetes/pkg/kubelet/status/status_manager.go:1109.52,1110.108 1 1
k8s.io/kubernetes/pkg/kubelet/status/status_manager.go:1110.108,1116.4 4 1
k8s.io/kubernetes/pkg/kubelet/status/status_manager.go:1119.2,1119.21 1 1
k8s.io/kubernetes/pkg/kubelet/status/status_manager.go:1123.52,1124.39 1 0
k8s.io/kubernetes/pkg/kubelet/status/status_manager.go:1124.39,1126.3 1 0
k8s.io/kubernetes/pkg/kubelet/status/status_manager.go:1127.2,1130.118 3 0
k8s.io/kubernetes/pkg/kubelet/status/status_manager.go:1130.118,1132.3 1 0
k8s.io/kubernetes/pkg/kubelet/status/status_manager.go:1133.2,1133.14 1 0
