mode: set
k8s.io/kubernetes/pkg/kubelet/lifecycle/admission_failure_handler_stub.go:30.68,32.2 1 0
k8s.io/kubernetes/pkg/kubelet/lifecycle/admission_failure_handler_stub.go:35.155,37.2 1 0
k8s.io/kubernetes/pkg/kubelet/lifecycle/handlers.go:61.195,68.2 1 1
k8s.io/kubernetes/pkg/kubelet/lifecycle/handlers.go:70.174,71.9 1 1
k8s.io/kubernetes/pkg/kubelet/lifecycle/handlers.go:72.27,76.17 3 1
k8s.io/kubernetes/pkg/kubelet/lifecycle/handlers.go:76.17,79.4 2 1
k8s.io/kubernetes/pkg/kubelet/lifecycle/handlers.go:80.3,80.18 1 1
k8s.io/kubernetes/pkg/kubelet/lifecycle/handlers.go:81.30,84.17 3 1
k8s.io/kubernetes/pkg/kubelet/lifecycle/handlers.go:84.17,87.4 2 1
k8s.io/kubernetes/pkg/kubelet/lifecycle/handlers.go:88.3,88.18 1 1
k8s.io/kubernetes/pkg/kubelet/lifecycle/handlers.go:89.28,92.17 3 1
k8s.io/kubernetes/pkg/kubelet/lifecycle/handlers.go:92.17,95.4 2 1
k8s.io/kubernetes/pkg/kubelet/lifecycle/handlers.go:96.3,96.18 1 1
k8s.io/kubernetes/pkg/kubelet/lifecycle/handlers.go:97.10,101.18 4 1
k8s.io/kubernetes/pkg/kubelet/lifecycle/handlers.go:111.90,112.38 1 1
k8s.io/kubernetes/pkg/kubelet/lifecycle/handlers.go:112.38,114.3 1 0
k8s.io/kubernetes/pkg/kubelet/lifecycle/handlers.go:115.2,117.16 3 1
k8s.io/kubernetes/pkg/kubelet/lifecycle/handlers.go:117.16,119.3 1 1
k8s.io/kubernetes/pkg/kubelet/lifecycle/handlers.go:120.2,120.43 1 1
k8s.io/kubernetes/pkg/kubelet/lifecycle/handlers.go:120.43,121.32 1 1
k8s.io/kubernetes/pkg/kubelet/lifecycle/handlers.go:121.32,123.4 1 1
k8s.io/kubernetes/pkg/kubelet/lifecycle/handlers.go:125.2,125.81 1 1
k8s.io/kubernetes/pkg/kubelet/lifecycle/handlers.go:128.84,129.79 1 1
k8s.io/kubernetes/pkg/kubelet/lifecycle/handlers.go:129.79,131.3 1 0
k8s.io/kubernetes/pkg/kubelet/lifecycle/handlers.go:132.2,133.9 2 1
k8s.io/kubernetes/pkg/kubelet/lifecycle/handlers.go:134.20,137.71 2 1
k8s.io/kubernetes/pkg/kubelet/lifecycle/handlers.go:138.11,139.13 1 1
k8s.io/kubernetes/pkg/kubelet/lifecycle/handlers.go:143.172,146.20 3 1
k8s.io/kubernetes/pkg/kubelet/lifecycle/handlers.go:146.20,148.17 2 1
k8s.io/kubernetes/pkg/kubelet/lifecycle/handlers.go:148.17,151.4 2 0
k8s.io/kubernetes/pkg/kubelet/lifecycle/handlers.go:152.3,152.27 1 1
k8s.io/kubernetes/pkg/kubelet/lifecycle/handlers.go:152.27,154.4 1 0
k8s.io/kubernetes/pkg/kubelet/lifecycle/handlers.go:155.3,156.15 2 1
k8s.io/kubernetes/pkg/kubelet/lifecycle/handlers.go:159.2,160.16 2 1
k8s.io/kubernetes/pkg/kubelet/lifecycle/handlers.go:160.16,162.3 1 1
k8s.io/kubernetes/pkg/kubelet/lifecycle/handlers.go:163.2,166.30 3 1
k8s.io/kubernetes/pkg/kubelet/lifecycle/handlers.go:166.30,175.21 6 1
k8s.io/kubernetes/pkg/kubelet/lifecycle/handlers.go:175.21,177.28 2 1
k8s.io/kubernetes/pkg/kubelet/lifecycle/handlers.go:177.28,180.5 1 1
k8s.io/kubernetes/pkg/kubelet/lifecycle/handlers.go:181.4,181.13 1 1
k8s.io/kubernetes/pkg/kubelet/lifecycle/handlers.go:183.3,183.28 1 1
k8s.io/kubernetes/pkg/kubelet/lifecycle/handlers.go:185.2,185.12 1 1
k8s.io/kubernetes/pkg/kubelet/lifecycle/handlers.go:188.47,189.17 1 1
k8s.io/kubernetes/pkg/kubelet/lifecycle/handlers.go:189.17,191.3 1 1
k8s.io/kubernetes/pkg/kubelet/lifecycle/handlers.go:196.2,198.45 2 1
k8s.io/kubernetes/pkg/kubelet/lifecycle/handlers.go:198.45,200.3 1 1
k8s.io/kubernetes/pkg/kubelet/lifecycle/handlers.go:205.76,209.2 1 0
k8s.io/kubernetes/pkg/kubelet/lifecycle/handlers.go:215.80,217.45 1 0
k8s.io/kubernetes/pkg/kubelet/lifecycle/handlers.go:217.45,219.3 1 0
k8s.io/kubernetes/pkg/kubelet/lifecycle/handlers.go:221.2,222.16 2 0
k8s.io/kubernetes/pkg/kubelet/lifecycle/handlers.go:222.16,224.3 1 0
k8s.io/kubernetes/pkg/kubelet/lifecycle/handlers.go:225.2,229.3 1 0
k8s.io/kubernetes/pkg/kubelet/lifecycle/handlers.go:232.42,233.16 1 1
k8s.io/kubernetes/pkg/kubelet/lifecycle/handlers.go:233.16,235.3 1 1
k8s.io/kubernetes/pkg/kubelet/lifecycle/handlers.go:236.2,237.30 2 1
k8s.io/kubernetes/pkg/kubelet/lifecycle/handlers.go:237.30,239.3 1 1
k8s.io/kubernetes/pkg/kubelet/lifecycle/handlers.go:240.2,240.90 1 1
k8s.io/kubernetes/pkg/kubelet/lifecycle/interfaces.go:104.73,106.2 1 0
k8s.io/kubernetes/pkg/kubelet/lifecycle/interfaces.go:112.82,114.2 1 0
k8s.io/kubernetes/pkg/kubelet/lifecycle/interfaces.go:120.70,122.2 1 0
k8s.io/kubernetes/pkg/kubelet/lifecycle/predicate.go:55.192,61.2 1 0
k8s.io/kubernetes/pkg/kubelet/lifecycle/predicate.go:63.81,65.16 2 0
k8s.io/kubernetes/pkg/kubelet/lifecycle/predicate.go:65.16,72.3 2 0
k8s.io/kubernetes/pkg/kubelet/lifecycle/predicate.go:73.2,76.57 2 0
k8s.io/kubernetes/pkg/kubelet/lifecycle/predicate.go:76.57,82.3 1 0
k8s.io/kubernetes/pkg/kubelet/lifecycle/predicate.go:83.2,83.48 1 0
k8s.io/kubernetes/pkg/kubelet/lifecycle/predicate.go:83.48,89.3 1 0
k8s.io/kubernetes/pkg/kubelet/lifecycle/predicate.go:91.2,96.73 4 0
k8s.io/kubernetes/pkg/kubelet/lifecycle/predicate.go:96.73,97.50 1 0
k8s.io/kubernetes/pkg/kubelet/lifecycle/predicate.go:97.50,98.44 1 0
k8s.io/kubernetes/pkg/kubelet/lifecycle/predicate.go:98.44,106.5 3 0
k8s.io/kubernetes/pkg/kubelet/lifecycle/predicate.go:111.2,111.67 1 0
k8s.io/kubernetes/pkg/kubelet/lifecycle/predicate.go:111.67,119.3 3 0
k8s.io/kubernetes/pkg/kubelet/lifecycle/predicate.go:129.2,133.10 4 0
k8s.io/kubernetes/pkg/kubelet/lifecycle/predicate.go:133.10,136.17 3 0
k8s.io/kubernetes/pkg/kubelet/lifecycle/predicate.go:136.17,144.4 3 0
k8s.io/kubernetes/pkg/kubelet/lifecycle/predicate.go:146.2,146.10 1 0
k8s.io/kubernetes/pkg/kubelet/lifecycle/predicate.go:146.10,149.24 3 0
k8s.io/kubernetes/pkg/kubelet/lifecycle/predicate.go:149.24,157.4 3 0
k8s.io/kubernetes/pkg/kubelet/lifecycle/predicate.go:159.3,160.25 2 0
k8s.io/kubernetes/pkg/kubelet/lifecycle/predicate.go:161.31,164.90 3 0
k8s.io/kubernetes/pkg/kubelet/lifecycle/predicate.go:165.35,168.90 3 0
k8s.io/kubernetes/pkg/kubelet/lifecycle/predicate.go:169.11,172.81 3 0
k8s.io/kubernetes/pkg/kubelet/lifecycle/predicate.go:174.3,178.4 1 0
k8s.io/kubernetes/pkg/kubelet/lifecycle/predicate.go:180.2,182.3 1 0
k8s.io/kubernetes/pkg/kubelet/lifecycle/predicate.go:187.75,190.46 3 1
k8s.io/kubernetes/pkg/kubelet/lifecycle/predicate.go:190.46,191.23 1 1
k8s.io/kubernetes/pkg/kubelet/lifecycle/predicate.go:191.23,193.4 1 0
k8s.io/kubernetes/pkg/kubelet/lifecycle/predicate.go:194.3,194.42 1 1
k8s.io/kubernetes/pkg/kubelet/lifecycle/predicate.go:196.2,197.23 2 1
k8s.io/kubernetes/pkg/kubelet/lifecycle/predicate.go:197.23,200.3 1 1
k8s.io/kubernetes/pkg/kubelet/lifecycle/predicate.go:200.8,200.77 1 1
k8s.io/kubernetes/pkg/kubelet/lifecycle/predicate.go:200.77,202.3 1 1
k8s.io/kubernetes/pkg/kubelet/lifecycle/predicate.go:203.2,203.14 1 1
k8s.io/kubernetes/pkg/kubelet/lifecycle/predicate.go:209.57,210.24 1 1
k8s.io/kubernetes/pkg/kubelet/lifecycle/predicate.go:210.24,212.3 1 1
k8s.io/kubernetes/pkg/kubelet/lifecycle/predicate.go:214.2,214.49 1 1
k8s.io/kubernetes/pkg/kubelet/lifecycle/predicate.go:217.97,219.40 2 1
k8s.io/kubernetes/pkg/kubelet/lifecycle/predicate.go:219.40,224.51 2 1
k8s.io/kubernetes/pkg/kubelet/lifecycle/predicate.go:224.51,225.46 1 1
k8s.io/kubernetes/pkg/kubelet/lifecycle/predicate.go:225.46,226.72 1 1
k8s.io/kubernetes/pkg/kubelet/lifecycle/predicate.go:226.72,227.14 1 1
k8s.io/kubernetes/pkg/kubelet/lifecycle/predicate.go:230.4,230.65 1 1
k8s.io/kubernetes/pkg/kubelet/lifecycle/predicate.go:233.2,233.16 1 1
k8s.io/kubernetes/pkg/kubelet/lifecycle/predicate.go:245.52,248.2 1 0
k8s.io/kubernetes/pkg/kubelet/lifecycle/predicate.go:256.56,258.2 1 0
k8s.io/kubernetes/pkg/kubelet/lifecycle/predicate.go:261.67,263.2 1 0
k8s.io/kubernetes/pkg/kubelet/lifecycle/predicate.go:271.48,273.2 1 0
k8s.io/kubernetes/pkg/kubelet/lifecycle/predicate.go:276.52,278.2 1 0
k8s.io/kubernetes/pkg/kubelet/lifecycle/predicate.go:281.97,284.37 3 1
k8s.io/kubernetes/pkg/kubelet/lifecycle/predicate.go:284.37,285.36 1 1
k8s.io/kubernetes/pkg/kubelet/lifecycle/predicate.go:285.36,292.4 1 1
k8s.io/kubernetes/pkg/kubelet/lifecycle/predicate.go:292.9,294.4 1 1
k8s.io/kubernetes/pkg/kubelet/lifecycle/predicate.go:298.2,298.29 1 1
k8s.io/kubernetes/pkg/kubelet/lifecycle/predicate.go:298.29,299.133 1 1
k8s.io/kubernetes/pkg/kubelet/lifecycle/predicate.go:299.133,302.4 1 1
k8s.io/kubernetes/pkg/kubelet/lifecycle/predicate.go:303.3,303.20 1 1
k8s.io/kubernetes/pkg/kubelet/lifecycle/predicate.go:303.20,305.4 1 1
k8s.io/kubernetes/pkg/kubelet/lifecycle/predicate.go:308.2,308.16 1 1
